// Jest Snapshot v1, https://goo.gl/fbAQLP

exports[`<LogoLink/> should match snapshot 1`] = `
.c1 {
  -webkit-text-decoration: none;
  text-decoration: none;
  color: inherit;
  display: -webkit-box;
  display: -webkit-flex;
  display: -ms-flexbox;
  display: flex;
}

.c1 align-items:center > img {
  max-height: 2.5rem;
}

.c0 {
  color: #0A1128;
  font-size: 2.4rem;
  text-transform: uppercase;
}

<h1
  class="c0"
>
  <a
    class="c1"
    href="#target"
  >
    <img
      alt="OlÃ¡ mundo"
      src="image.jpg"
    />
  </a>
</h1>
`;
